[
    "\/Users\/salavatsalahutdinov\/Projects\/modules\/tests\/fixtures\/laravel\/stubs\/modules\/action\/create.stub",
    "\/Users\/salavatsalahutdinov\/Projects\/modules\/tests\/fixtures\/laravel\/stubs\/modules\/action\/delete.stub",
    "\/Users\/salavatsalahutdinov\/Projects\/modules\/tests\/fixtures\/laravel\/stubs\/modules\/action\/list.stub",
    "\/Users\/salavatsalahutdinov\/Projects\/modules\/tests\/fixtures\/laravel\/stubs\/modules\/action\/plain.stub",
    "\/Users\/salavatsalahutdinov\/Projects\/modules\/tests\/fixtures\/laravel\/stubs\/modules\/action\/update.stub",
    "\/Users\/salavatsalahutdinov\/Projects\/modules\/tests\/fixtures\/laravel\/stubs\/modules\/action\/view.stub",
    "\/Users\/salavatsalahutdinov\/Projects\/modules\/tests\/fixtures\/laravel\/stubs\/modules\/command.stub",
    "\/Users\/salavatsalahutdinov\/Projects\/modules\/tests\/fixtures\/laravel\/stubs\/modules\/composer.json.stub",
    "\/Users\/salavatsalahutdinov\/Projects\/modules\/tests\/fixtures\/laravel\/stubs\/modules\/controller\/api.stub",
    "\/Users\/salavatsalahutdinov\/Projects\/modules\/tests\/fixtures\/laravel\/stubs\/modules\/controller\/web.stub",
    "\/Users\/salavatsalahutdinov\/Projects\/modules\/tests\/fixtures\/laravel\/stubs\/modules\/dto.stub",
    "\/Users\/salavatsalahutdinov\/Projects\/modules\/tests\/fixtures\/laravel\/stubs\/modules\/event.stub",
    "\/Users\/salavatsalahutdinov\/Projects\/modules\/tests\/fixtures\/laravel\/stubs\/modules\/exception.stub",
    "\/Users\/salavatsalahutdinov\/Projects\/modules\/tests\/fixtures\/laravel\/stubs\/modules\/factory.stub",
    "\/Users\/salavatsalahutdinov\/Projects\/modules\/tests\/fixtures\/laravel\/stubs\/modules\/job\/plain.stub",
    "\/Users\/salavatsalahutdinov\/Projects\/modules\/tests\/fixtures\/laravel\/stubs\/modules\/job\/queued.stub",
    "\/Users\/salavatsalahutdinov\/Projects\/modules\/tests\/fixtures\/laravel\/stubs\/modules\/listener\/plain.stub",
    "\/Users\/salavatsalahutdinov\/Projects\/modules\/tests\/fixtures\/laravel\/stubs\/modules\/listener\/queued.stub",
    "\/Users\/salavatsalahutdinov\/Projects\/modules\/tests\/fixtures\/laravel\/stubs\/modules\/mail.stub",
    "\/Users\/salavatsalahutdinov\/Projects\/modules\/tests\/fixtures\/laravel\/stubs\/modules\/middleware.stub",
    "\/Users\/salavatsalahutdinov\/Projects\/modules\/tests\/fixtures\/laravel\/stubs\/modules\/migration\/add.stub",
    "\/Users\/salavatsalahutdinov\/Projects\/modules\/tests\/fixtures\/laravel\/stubs\/modules\/migration\/create.stub",
    "\/Users\/salavatsalahutdinov\/Projects\/modules\/tests\/fixtures\/laravel\/stubs\/modules\/migration\/delete.stub",
    "\/Users\/salavatsalahutdinov\/Projects\/modules\/tests\/fixtures\/laravel\/stubs\/modules\/migration\/pivot.stub",
    "\/Users\/salavatsalahutdinov\/Projects\/modules\/tests\/fixtures\/laravel\/stubs\/modules\/migration\/plain.stub",
    "\/Users\/salavatsalahutdinov\/Projects\/modules\/tests\/fixtures\/laravel\/stubs\/modules\/model\/full.stub",
    "\/Users\/salavatsalahutdinov\/Projects\/modules\/tests\/fixtures\/laravel\/stubs\/modules\/model\/plain.stub",
    "\/Users\/salavatsalahutdinov\/Projects\/modules\/tests\/fixtures\/laravel\/stubs\/modules\/notification\/plain.stub",
    "\/Users\/salavatsalahutdinov\/Projects\/modules\/tests\/fixtures\/laravel\/stubs\/modules\/notification\/queued.stub",
    "\/Users\/salavatsalahutdinov\/Projects\/modules\/tests\/fixtures\/laravel\/stubs\/modules\/observer.stub",
    "\/Users\/salavatsalahutdinov\/Projects\/modules\/tests\/fixtures\/laravel\/stubs\/modules\/policy\/full.stub",
    "\/Users\/salavatsalahutdinov\/Projects\/modules\/tests\/fixtures\/laravel\/stubs\/modules\/policy\/plain.stub",
    "\/Users\/salavatsalahutdinov\/Projects\/modules\/tests\/fixtures\/laravel\/stubs\/modules\/provider\/event.stub",
    "\/Users\/salavatsalahutdinov\/Projects\/modules\/tests\/fixtures\/laravel\/stubs\/modules\/provider\/module.stub",
    "\/Users\/salavatsalahutdinov\/Projects\/modules\/tests\/fixtures\/laravel\/stubs\/modules\/provider\/plain.stub",
    "\/Users\/salavatsalahutdinov\/Projects\/modules\/tests\/fixtures\/laravel\/stubs\/modules\/provider\/route.stub",
    "\/Users\/salavatsalahutdinov\/Projects\/modules\/tests\/fixtures\/laravel\/stubs\/modules\/query-wizard\/eloquent.stub",
    "\/Users\/salavatsalahutdinov\/Projects\/modules\/tests\/fixtures\/laravel\/stubs\/modules\/query-wizard\/model.stub",
    "\/Users\/salavatsalahutdinov\/Projects\/modules\/tests\/fixtures\/laravel\/stubs\/modules\/request\/create.stub",
    "\/Users\/salavatsalahutdinov\/Projects\/modules\/tests\/fixtures\/laravel\/stubs\/modules\/request\/delete.stub",
    "\/Users\/salavatsalahutdinov\/Projects\/modules\/tests\/fixtures\/laravel\/stubs\/modules\/request\/list.stub",
    "\/Users\/salavatsalahutdinov\/Projects\/modules\/tests\/fixtures\/laravel\/stubs\/modules\/request\/plain.stub",
    "\/Users\/salavatsalahutdinov\/Projects\/modules\/tests\/fixtures\/laravel\/stubs\/modules\/request\/update.stub",
    "\/Users\/salavatsalahutdinov\/Projects\/modules\/tests\/fixtures\/laravel\/stubs\/modules\/request\/view.stub",
    "\/Users\/salavatsalahutdinov\/Projects\/modules\/tests\/fixtures\/laravel\/stubs\/modules\/resource\/collection.stub",
    "\/Users\/salavatsalahutdinov\/Projects\/modules\/tests\/fixtures\/laravel\/stubs\/modules\/resource\/single.stub",
    "\/Users\/salavatsalahutdinov\/Projects\/modules\/tests\/fixtures\/laravel\/stubs\/modules\/route.stub",
    "\/Users\/salavatsalahutdinov\/Projects\/modules\/tests\/fixtures\/laravel\/stubs\/modules\/rule.stub",
    "\/Users\/salavatsalahutdinov\/Projects\/modules\/tests\/fixtures\/laravel\/stubs\/modules\/seeder\/permissions.stub",
    "\/Users\/salavatsalahutdinov\/Projects\/modules\/tests\/fixtures\/laravel\/stubs\/modules\/seeder\/plain.stub",
    "\/Users\/salavatsalahutdinov\/Projects\/modules\/tests\/fixtures\/laravel\/stubs\/modules\/test\/api\/create.stub",
    "\/Users\/salavatsalahutdinov\/Projects\/modules\/tests\/fixtures\/laravel\/stubs\/modules\/test\/api\/delete.stub",
    "\/Users\/salavatsalahutdinov\/Projects\/modules\/tests\/fixtures\/laravel\/stubs\/modules\/test\/api\/list.stub",
    "\/Users\/salavatsalahutdinov\/Projects\/modules\/tests\/fixtures\/laravel\/stubs\/modules\/test\/api\/plain.stub",
    "\/Users\/salavatsalahutdinov\/Projects\/modules\/tests\/fixtures\/laravel\/stubs\/modules\/test\/api\/update.stub",
    "\/Users\/salavatsalahutdinov\/Projects\/modules\/tests\/fixtures\/laravel\/stubs\/modules\/test\/api\/view.stub",
    "\/Users\/salavatsalahutdinov\/Projects\/modules\/tests\/fixtures\/laravel\/stubs\/modules\/test\/cli\/plain.stub",
    "\/Users\/salavatsalahutdinov\/Projects\/modules\/tests\/fixtures\/laravel\/stubs\/modules\/test\/feature\/plain.stub",
    "\/Users\/salavatsalahutdinov\/Projects\/modules\/tests\/fixtures\/laravel\/stubs\/modules\/test\/unit\/plain.stub",
    "\/Users\/salavatsalahutdinov\/Projects\/modules\/tests\/fixtures\/laravel\/stubs\/modules\/test\/web\/create.stub",
    "\/Users\/salavatsalahutdinov\/Projects\/modules\/tests\/fixtures\/laravel\/stubs\/modules\/test\/web\/delete.stub",
    "\/Users\/salavatsalahutdinov\/Projects\/modules\/tests\/fixtures\/laravel\/stubs\/modules\/test\/web\/plain.stub",
    "\/Users\/salavatsalahutdinov\/Projects\/modules\/tests\/fixtures\/laravel\/stubs\/modules\/test\/web\/update.stub"
]